ROB-1096 matrix invocation: targeted-1
revision: a609b4a03a7d6a6bfc1a9eac409eaa877fe0cd75
utc_start: 2026-10-02T14:19:40Z
command: mix test test/elara/threads_test.exs:678 --seed 285253
    Finished `dev` profile [unoptimized + debuginfo] target(s) in 0.01s
Running ExUnit with seed: 285253, max_cases: 16
Excluding tags: [:test]
Including tags: [location: {"test/elara/threads_test.exs", 678}]

    Updating crates.io index
 Downloading crates ...
  Downloaded heck v0.5.0
  Downloaded powerfmt v0.2.0
  Downloaded futures-timer v3.0.4
  Downloaded deranged v0.5.8
  Downloaded equivalent v1.0.2
  Downloaded ident_case v1.0.1
  Downloaded tracing-attributes v0.1.31
  Downloaded cfg-if v1.0.4
  Downloaded futures-task v0.3.34
  Downloaded signal-hook-registry v1.4.8
  Downloaded static_assertions v1.1.0
  Downloaded instability v0.3.13
  Downloaded strum_macros v0.28.0
  Downloaded castaway v0.2.4
  Downloaded toml_edit v0.25.13+spec-1.1.0
  Downloaded document-features v0.2.12
  Downloaded toml_datetime v1.1.1+spec-1.1.0
  Downloaded approx v0.5.1
  Downloaded errno v0.3.14
  Downloaded darling_macro v0.24.1
  Downloaded diff v0.1.13
  Downloaded futures-core v0.3.34
  Downloaded num_threads v0.1.7
  Downloaded strsim v0.11.1
  Downloaded rustc_version v0.4.1
  Downloaded toml_parser v1.1.3+spec-1.1.0
  Downloaded futures-macro v0.3.34
  Downloaded line-clipping v0.3.8
  Downloaded num-conv v0.2.2
  Downloaded quote v1.0.47
  Downloaded strum v0.28.0
  Downloaded convert_case v0.10.0
  Downloaded by_address v1.2.1
  Downloaded palette_derive v0.7.7
  Downloaded palette_math v0.7.7
  Downloaded proc-macro-crate v3.5.0
  Downloaded pulldown-cmark-escape v0.11.0
  Downloaded ratatui-crossterm v0.1.2
  Downloaded rstest v0.26.1
  Downloaded rustversion v1.0.23
  Downloaded signal-hook-mio v0.2.5
  Downloaded slab v0.4.12
  Downloaded smallvec v1.16.0
  Downloaded time-core v0.1.9
  Downloaded base64 v0.22.1
  Downloaded bitflags v2.13.1
  Downloaded either v1.18.0
  Downloaded foldhash v0.2.0
  Downloaded glob v0.3.4
  Downloaded indoc v2.0.7
  Downloaded lock_api v0.4.14
  Downloaded log v0.4.34
  Downloaded scopeguard v1.2.0
  Downloaded thiserror-impl v2.0.20
  Downloaded autocfg v1.5.1
  Downloaded tui-markdown v0.3.9
  Downloaded unicase v2.9.0
  Downloaded unicode-truncate v2.0.1
  Downloaded kasuari v0.4.12
  Downloaded lru v0.18.4
  Downloaded pin-project-lite v0.2.17
  Downloaded relative-path v1.9.3
  Downloaded ryu v1.0.23
  Downloaded thiserror v2.0.20
  Downloaded compact_str v0.9.1
  Downloaded darling v0.24.1
  Downloaded getopts v0.2.24
  Downloaded litrs v1.0.0
  Downloaded num-traits v0.2.19
  Downloaded once_cell v1.21.4
  Downloaded parking_lot_core v0.9.12
  Downloaded proc-macro2 v1.0.107
  Downloaded semver v1.0.28
  Downloaded serde_derive v1.0.229
  Downloaded signal-hook v0.3.18
  Downloaded allocator-api2 v0.2.21
  Downloaded tracing-core v0.1.36
  Downloaded unicode-ident v1.0.24
  Downloaded yansi v1.0.1
  Downloaded darling_core v0.24.1
  Downloaded derive_more v2.1.1
  Downloaded indexmap v2.14.1
  Downloaded parking_lot v0.12.5
  Downloaded pretty_assertions v1.4.1
  Downloaded ratatui v0.30.2
  Downloaded serde v1.0.229
  Downloaded derive_more-impl v2.1.1
  Downloaded mio v1.2.3
  Downloaded rstest_macros v0.26.1
  Downloaded libm v0.2.16
  Downloaded aho-corasick v1.1.5
  Downloaded crossterm v0.29.0
  Downloaded hashbrown v0.17.1
  Downloaded itertools v0.14.0
  Downloaded itertools v0.15.0
  Downloaded unicode-segmentation v1.13.3
  Downloaded hashbrown v0.16.1
  Downloaded pulldown-cmark v0.13.4
  Downloaded portable-atomic v1.15.0
  Downloaded regex v1.13.1
  Downloaded futures-util v0.3.34
  Downloaded ratatui-core v0.1.2
  Downloaded winnow v1.0.4
  Downloaded ratatui-widgets v0.3.2
  Downloaded unicode-width v0.2.0
  Downloaded tracing v0.1.44
  Downloaded syn v3.0.4
  Downloaded time v0.3.55
  Downloaded palette v0.7.7
  Downloaded syn v2.0.119
  Downloaded regex-syntax v0.8.11
  Downloaded rustix v1.1.4
  Downloaded regex-automata v0.4.18
  Downloaded linux-raw-sys v0.12.1
   Compiling proc-macro2 v1.0.107
   Compiling unicode-ident v1.0.24
   Compiling quote v1.0.47
   Compiling equivalent v1.0.2
   Compiling libc v0.2.189
   Compiling cfg-if v1.0.4
   Compiling unicode-segmentation v1.13.3
   Compiling allocator-api2 v0.2.21
   Compiling bitflags v2.13.1
   Compiling rustversion v1.0.23
   Compiling foldhash v0.2.0
   Compiling thiserror v2.0.20
   Compiling unicode-width v0.2.0
   Compiling either v1.18.0
   Compiling itoa v1.0.18
   Compiling ident_case v1.0.1
   Compiling heck v0.5.0
   Compiling strsim v0.11.1
   Compiling itertools v0.14.0
   Compiling hashbrown v0.16.1
   Compiling hashbrown v0.17.1
   Compiling signal-hook v0.3.18
   Compiling winnow v1.0.4
   Compiling static_assertions v1.1.0
   Compiling parking_lot_core v0.9.12
   Compiling castaway v0.2.4
   Compiling ryu v1.0.23
   Compiling memchr v2.8.3
   Compiling semver v1.0.28
   Compiling syn v3.0.4
   Compiling syn v2.0.119
   Compiling errno v0.3.14
   Compiling signal-hook-registry v1.4.8
   Compiling rustc_version v0.4.1
   Compiling aho-corasick v1.1.5
   Compiling lru v0.18.4
   Compiling compact_str v0.9.1
   Compiling convert_case v0.10.0
   Compiling indexmap v2.14.1
   Compiling toml_parser v1.1.3+spec-1.1.0
   Compiling rustix v1.1.4
   Compiling unicode-truncate v2.0.1
   Compiling toml_datetime v1.1.1+spec-1.1.0
   Compiling log v0.4.34
   Compiling scopeguard v1.2.0
   Compiling instability v0.3.13
   Compiling regex-syntax v0.8.11
   Compiling smallvec v1.16.0
   Compiling mio v1.2.3
   Compiling toml_edit v0.25.13+spec-1.1.0
   Compiling lock_api v0.4.14
   Compiling rstest_macros v0.26.1
   Compiling pin-project-lite v0.2.17
   Compiling indoc v2.0.7
   Compiling litrs v1.0.0
   Compiling linux-raw-sys v0.12.1
   Compiling proc-macro-crate v3.5.0
   Compiling signal-hook-mio v0.2.5
   Compiling document-features v0.2.12
   Compiling parking_lot v0.12.5
   Compiling futures-core v0.3.34
   Compiling zmij v1.0.23
   Compiling pulldown-cmark v0.13.4
   Compiling relative-path v1.9.3
   Compiling once_cell v1.21.4
   Compiling futures-task v0.3.34
   Compiling serde_core v1.0.229
   Compiling regex-automata v0.4.18
   Compiling slab v0.4.12
   Compiling glob v0.3.4
   Compiling darling_core v0.24.1
   Compiling tracing-core v0.1.36
   Compiling getopts v0.2.24
   Compiling line-clipping v0.3.8
   Compiling diff v0.1.13
   Compiling serde_json v1.0.151
   Compiling futures-timer v3.0.4
   Compiling pulldown-cmark-escape v0.11.0
   Compiling unicase v2.9.0
   Compiling yansi v1.0.1
   Compiling pretty_assertions v1.4.1
   Compiling itertools v0.15.0
   Compiling base64 v0.22.1
   Compiling thiserror-impl v2.0.20
   Compiling futures-macro v0.3.34
   Compiling strum_macros v0.28.0
   Compiling derive_more-impl v2.1.1
   Compiling regex v1.13.1
   Compiling futures-util v0.3.34
   Compiling kasuari v0.4.12
   Compiling tracing-attributes v0.1.31
   Compiling derive_more v2.1.1
   Compiling crossterm v0.29.0
   Compiling darling_macro v0.24.1
   Compiling darling v0.24.1
   Compiling strum v0.28.0
   Compiling ratatui-core v0.1.2
   Compiling tracing v0.1.44
   Compiling ratatui-widgets v0.3.2
   Compiling ratatui-crossterm v0.1.2
   Compiling rstest v0.26.1
   Compiling tui-markdown v0.3.9
   Compiling ratatui v0.30.2
   Compiling elara-tui v0.1.0 (/home/user/workspace/repo/native/elara-tui)
    Finished `dev` profile [unoptimized + debuginfo] target(s) in 10.99s
.
Finished in 24.9 seconds (0.00s async, 24.9s sync)

Result: 1 passed, 17 excluded
utc_end: 2026-10-02T14:20:06Z
exit_status: 0
